CPUs: 160/160, MHz: 3690, Nodes: 4, Sockets: 1, Cores: 5, Threads: 8
